[Biometrics] Live BPM: 75.2 (conf 0.29) | GSR Excitement: 10.4% | Temp: 24.1 C | PerfIdx: 0.27% (SEARCHING) | IR: 63817 | Mode: 0
[Biometrics] Live BPM: 75.5 (conf 0.23) | GSR Excitement: 11.8% | Temp: 24.1 C | PerfIdx: 0.27% (SEARCHING) | IR: 63643 | Mode: 0
[Biometrics] Live BPM: 75.5 (conf 0.27) | GSR Excitement: 11.9% | Temp: 24.1 C | PerfIdx: 0.26% (SEARCHING) | IR: 63523 | Mode: 0
[Biometrics] Live BPM: 75.7 (conf 0.26) | GSR Excitement: 15.4% | Temp: 24.1 C | PerfIdx: 0.25% (SEARCHING) | IR: 63531 | Mode: 0
[Biometrics] Live BPM: 77.5 (conf 0.13) | GSR Excitement: 14.7% | Temp: 24.1 C | PerfIdx: 0.31% (SEARCHING) | IR: 62936 | Mode: 0
[Biometrics] Live BPM: 77.5 (conf 0.15) | GSR Excitement: 16.4% | Temp: 24.1 C | PerfIdx: 0.31% (SEARCHING) | IR: 63171 | Mode: 0
[Biometrics] Live BPM: 76.2 (conf 0.18) | GSR Excitement: 15.5% | Temp: 24.1 C | PerfIdx: 0.32% (SEARCHING) | IR: 63522 | Mode: 0
[Biometrics] Live BPM: 75.2 (conf 0.18) | GSR Excitement: 13.8% | Temp: 24.1 C | PerfIdx: 0.31% (SEARCHING) | IR: 63386 | Mode: 0
[Biometrics] Live BPM: 75.4 (conf 0.19) | GSR Excitement: 12.4% | Temp: 24.1 C | PerfIdx: 0.30% (SEARCHING) | IR: 63395 | Mode: 0
[Jitter] target 2000us | min 1925 mean 2000.0 max 2076 | overruns 0/5004
[PPG] fifo 25.09 Hz (dsp assumes 25)
[PPG] int  25.20 Hz (PPG_RDY edges on PIN_PPG_INT)
[Biometrics] Live BPM: 75.6 (conf 0.20) | GSR Excitement: 11.4% | Temp: 24.1 C | PerfIdx: 0.29% (SEARCHING) | IR: 63493 | Mode: 0
[Biometrics] Live BPM: 75.2 (conf 0.21) | GSR Excitement: 10.1% | Temp: 24.1 C | PerfIdx: 0.28% (SEARCHING) | IR: 63452 | Mode: 0
[Biometrics] Live BPM: 75.7 (conf 0.17) | GSR Excitement: 8.8% | Temp: 24.1 C | PerfIdx: 0.30% (SEARCHING) | IR: 62948 | Mode: 0
[Biometrics] Live BPM: 75.4 (conf 0.15) | GSR Excitement: 7.9% | Temp: 24.1 C | PerfIdx: 0.40% (trusted) | IR: 62590 | Mode: 0
[Biometrics] Live BPM: 75.7 (conf 0.16) | GSR Excitement: 8.1% | Temp: 24.1 C | PerfIdx: 0.40% (SEARCHING) | IR: 62894 | Mode: 0
[Biometrics] Live BPM: 76.5 (conf 0.12) | GSR Excitement: 8.5% | Temp: 24.1 C | PerfIdx: 0.39% (SEARCHING) | IR: 62763 | Mode: 0
[Biometrics] Live BPM: 79.1 (conf 0.13) | GSR Excitement: 17.0% | Temp: 24.1 C | PerfIdx: 0.37% (SEARCHING) | IR: 62695 | Mode: 0
[Biometrics] Live BPM: 79.1 (conf 0.17) | GSR Excitement: 15.6% | Temp: 24.1 C | PerfIdx: 0.36% (SEARCHING) | IR: 62828 | Mode: 0
[Biometrics] Live BPM: 78.7 (conf 0.18) | GSR Excitement: 13.4% | Temp: 24.1 C | PerfIdx: 0.35% (SEARCHING) | IR: 62886 | Mode: 0
[Jitter] target 2000us | min 1906 mean 2000.0 max 2097 | overruns 0/5002
[PPG] fifo 25.09 Hz (dsp assumes 25)
[PPG] int  25.10 Hz (PPG_RDY edges on PIN_PPG_INT)
[Biometrics] Live BPM: 78.8 (conf 0.20) | GSR Excitement: 17.1% | Temp: 24.1 C | PerfIdx: 0.35% (SEARCHING) | IR: 63195 | Mode: 0
[Biometrics] Live BPM: 78.2 (conf 0.16) | GSR Excitement: 17.6% | Temp: 24.1 C | PerfIdx: 0.34% (SEARCHING) | IR: 63122 | Mode: 0
[Biometrics] Live BPM: 77.7 (conf 0.15) | GSR Excitement: 16.8% | Temp: 24.1 C | PerfIdx: 0.32% (SEARCHING) | IR: 63136 | Mode: 0
[Biometrics] Live BPM: 75.5 (conf 0.14) | GSR Excitement: 15.8% | Temp: 24.1 C | PerfIdx: 0.31% (SEARCHING) | IR: 63054 | Mode: 0
[Biometrics] Live BPM: 74.3 (conf 0.14) | GSR Excitement: 17.2% | Temp: 24.1 C | PerfIdx: 0.29% (SEARCHING) | IR: 63212 | Mode: 0
[Biometrics] Live BPM: 74.4 (conf 0.18) | GSR Excitement: 15.8% | Temp: 24.1 C | PerfIdx: 0.28% (SEARCHING) | IR: 63299 | Mode: 0
[Biometrics] Live BPM: 74.4 (conf 0.21) | GSR Excitement: 15.8% | Temp: 24.1 C | PerfIdx: 0.27% (SEARCHING) | IR: 63314 | Mode: 0
[Biometrics] Live BPM: 74.7 (conf 0.26) | GSR Excitement: 14.4% | Temp: 24.1 C | PerfIdx: 0.26% (SEARCHING) | IR: 63275 | Mode: 0
[Biometrics] Live BPM: 74.8 (conf 0.27) | GSR Excitement: 16.9% | Temp: 24.1 C | PerfIdx: 0.25% (SEARCHING) | IR: 63254 | Mode: 0
[Biometrics] Live BPM: 74.9 (conf 0.31) | GSR Excitement: 19.9% | Temp: 24.1 C | PerfIdx: 0.24% (SEARCHING) | IR: 63193 | Mode: 0
[Jitter] target 2000us | min 1904 mean 2000.0 max 2099 | overruns 0/5003
[PPG] fifo 25.09 Hz (dsp assumes 25)
[PPG] int  25.10 Hz (PPG_RDY edges on PIN_PPG_INT)
[Biometrics] Live BPM: 75.2 (conf 0.23) | GSR Excitement: 27.3% | Temp: 24.1 C | PerfIdx: 0.26% (SEARCHING) | IR: 62848 | Mode: 0
[Biometrics] Live BPM: 75.3 (conf 0.26) | GSR Excitement: 26.1% | Temp: 24.1 C | PerfIdx: 0.25% (SEARCHING) | IR: 62964 | Mode: 0
[Biometrics] Live BPM: 75.3 (conf 0.26) | GSR Excitement: 22.2% | Temp: 24.1 C | PerfIdx: 0.25% (SEARCHING) | IR: 62917 | Mode: 0
[Biometrics] Live BPM: 75.3 (conf 0.31) | GSR Excitement: 18.8% | Temp: 24.1 C | PerfIdx: 0.24% (SEARCHING) | IR: 62881 | Mode: 0
[Biometrics] Live BPM: 76.2 (conf 0.11) | GSR Excitement: 15.4% | Temp: 24.1 C | PerfIdx: 0.34% (SEARCHING) | IR: 62308 | Mode: 0
[Biometrics] Live BPM: 75.1 (conf 0.18) | GSR Excitement: 14.2% | Temp: 24.1 C | PerfIdx: 0.38% (SEARCHING) | IR: 62006 | Mode: 0
[Biometrics] Live BPM: 74.0 (conf 0.10) | GSR Excitement: 14.2% | Temp: 24.1 C | PerfIdx: 0.56% (trusted) | IR: 60787 | Mode: 0
[Biometrics] Live BPM: 68.0 (conf 0.14) | GSR Excitement: 17.9% | Temp: 24.1 C | PerfIdx: 0.58% (trusted) | IR: 60892 | Mode: 0
[Biometrics] Live BPM: 60.8 (conf 0.13) | GSR Excitement: 18.0% | Temp: 24.1 C | PerfIdx: 0.57% (trusted) | IR: 61339 | Mode: 0
[Biometrics] Live BPM: 58.9 (conf 0.21) | GSR Excitement: 22.1% | Temp: 24.1 C | PerfIdx: 0.56% (trusted) | IR: 61554 | Mode: 0
[Jitter] target 2000us | min 1567 mean 2000.0 max 2422 | overruns 0/5003
[PPG] fifo 25.09 Hz (dsp assumes 25)
[PPG] int  25.20 Hz (PPG_RDY edges on PIN_PPG_INT)
[Biometrics] Live BPM: 59.7 (conf 0.19) | GSR Excitement: 19.8% | Temp: 24.1 C | PerfIdx: 0.54% (trusted) | IR: 61296 | Mode: 0
[Biometrics] Live BPM: 60.2 (conf 0.18) | GSR Excitement: 16.6% | Temp: 24.1 C | PerfIdx: 0.56% (trusted) | IR: 60797 | Mode: 0
[Biometrics] Live BPM: 59.1 (conf 0.18) | GSR Excitement: 13.5% | Temp: 24.1 C | PerfIdx: 0.54% (trusted) | IR: 60799 | Mode: 0
[Biometrics] Live BPM: 62.2 (conf 0.19) | GSR Excitement: 15.5% | Temp: 24.1 C | PerfIdx: 0.52% (trusted) | IR: 60716 | Mode: 0
[Biometrics] Live BPM: 60.6 (conf 0.18) | GSR Excitement: 15.5% | Temp: 24.1 C | PerfIdx: 0.50% (trusted) | IR: 60613 | Mode: 0
[Biometrics] Live BPM: 59.1 (conf 0.15) | GSR Excitement: 14.4% | Temp: 24.1 C | PerfIdx: 0.48% (trusted) | IR: 60533 | Mode: 0
[Biometrics] Live BPM: 59.1 (conf 0.16) | GSR Excitement: 13.0% | Temp: 24.1 C | PerfIdx: 0.46% (trusted) | IR: 60616 | Mode: 0
[Biometrics] Live BPM: 59.3 (conf 0.14) | GSR Excitement: 16.6% | Temp: 24.1 C | PerfIdx: 0.44% (trusted) | IR: 60525 | Mode: 0
[Biometrics] Live BPM: 59.8 (conf 0.11) | GSR Excitement: 15.6% | Temp: 24.1 C | PerfIdx: 0.47% (trusted) | IR: 59840 | Mode: 0
[Biometrics] Live BPM: 59.4 (conf 0.11) | GSR Excitement: 14.0% | Temp: 24.1 C | PerfIdx: 0.48% (trusted) | IR: 59683 | Mode: 0
[Jitter] target 2000us | min 1925 mean 2000.0 max 2073 | overruns 0/5005
[PPG] fifo 25.19 Hz (dsp assumes 25)
[PPG] int  25.10 Hz (PPG_RDY edges on PIN_PPG_INT)
[Biometrics] Live BPM: 59.6 (conf 0.08) | GSR Excitement: 15.5% | Temp: 24.1 C | PerfIdx: 0.48% (trusted) | IR: 59917 | Mode: 0
[Biometrics] Live BPM: 59.5 (conf 0.11) | GSR Excitement: 14.9% | Temp: 24.1 C | PerfIdx: 0.53% (trusted) | IR: 60380 | Mode: 0
[Biometrics] Live BPM: 61.6 (conf 0.07) | GSR Excitement: 16.2% | Temp: 24.1 C | PerfIdx: 0.51% (trusted) | IR: 60194 | Mode: 0
[Biometrics] Live BPM: 64.8 (conf 0.09) | GSR Excitement: 14.4% | Temp: 24.1 C | PerfIdx: 0.49% (trusted) | IR: 60306 | Mode: 0
[Biometrics] Live BPM: 68.3 (conf 0.08) | GSR Excitement: 13.4% | Temp: 24.1 C | PerfIdx: 0.47% (trusted) | IR: 60366 | Mode: 0
[Biometrics] Live BPM: 70.5 (conf 0.07) | GSR Excitement: 19.0% | Temp: 24.1 C | PerfIdx: 0.46% (trusted) | IR: 60073 | Mode: 0
[Biometrics] Live BPM: 72.2 (conf 0.07) | GSR Excitement: 17.3% | Temp: 24.1 C | PerfIdx: 0.57% (trusted) | IR: 59050 | Mode: 0
[Biometrics] Live BPM: 75.3 (conf 0.08) | GSR Excitement: 14.8% | Temp: 24.1 C | PerfIdx: 0.58% (trusted) | IR: 58784 | Mode: 0
[Biometrics] Live BPM: 72.9 (conf 0.09) | GSR Excitement: 13.5% | Temp: 24.1 C | PerfIdx: 0.57% (trusted) | IR: 58738 | Mode: 0
[Biometrics] Live BPM: 71.6 (conf 0.08) | GSR Excitement: 17.3% | Temp: 24.1 C | PerfIdx: 0.55% (trusted) | IR: 59019 | Mode: 0
[Jitter] target 2000us | min 1926 mean 2000.0 max 2076 | overruns 0/5006
[PPG] fifo 25.09 Hz (dsp assumes 25)
[PPG] int  25.10 Hz (PPG_RDY edges on PIN_PPG_INT)
[Biometrics] Live BPM: 75.3 (conf 0.09) | GSR Excitement: 17.2% | Temp: 24.1 C | PerfIdx: 0.53% (trusted) | IR: 59163 | Mode: 0
[Biometrics] Live BPM: 75.3 (conf 0.08) | GSR Excitement: 16.3% | Temp: 24.1 C | PerfIdx: 0.51% (trusted) | IR: 59294 | Mode: 0
